\BOOKMARK [0][-]{section*.2}{\376\377\000A\000b\000s\000t\000r\000a\000c\000t}{}% 1
\BOOKMARK [0][-]{section*.3}{\376\377\000C\000o\000n\000t\000e\000n\000t\000s}{}% 2
\BOOKMARK [0][-]{chapter.1}{\376\377\000I\000n\000t\000r\000o\000d\000u\000c\000t\000i\000o\000n}{}% 3
\BOOKMARK [1][-]{section.1.1}{\376\377\000B\000a\000c\000k\000g\000r\000o\000u\000n\000d\000\040\000o\000f\000\040\000t\000h\000e\000\040\000S\000t\000u\000d\000y}{chapter.1}% 4
\BOOKMARK [1][-]{section.1.2}{\376\377\000S\000t\000a\000t\000e\000m\000e\000n\000t\000\040\000o\000f\000\040\000t\000h\000e\000\040\000P\000r\000o\000b\000l\000e\000m}{chapter.1}% 5
\BOOKMARK [1][-]{section.1.3}{\376\377\000R\000e\000s\000e\000a\000r\000c\000h\000\040\000O\000b\000j\000e\000c\000t\000i\000v\000e\000s}{chapter.1}% 6
\BOOKMARK [1][-]{section.1.4}{\376\377\000S\000i\000g\000n\000i\000f\000i\000c\000a\000n\000c\000e\000\040\000o\000f\000\040\000t\000h\000e\000\040\000S\000t\000u\000d\000y}{chapter.1}% 7
\BOOKMARK [1][-]{section.1.5}{\376\377\000S\000c\000o\000p\000e\000\040\000a\000n\000d\000\040\000L\000i\000m\000i\000t\000a\000t\000i\000o\000n\000s}{chapter.1}% 8
\BOOKMARK [1][-]{section.1.6}{\376\377\000D\000o\000c\000u\000m\000e\000n\000t\000\040\000S\000t\000r\000u\000c\000t\000u\000r\000e}{chapter.1}% 9
\BOOKMARK [0][-]{chapter.2}{\376\377\000R\000e\000v\000i\000e\000w\000\040\000o\000f\000\040\000R\000e\000l\000a\000t\000e\000d\000\040\000L\000i\000t\000e\000r\000a\000t\000u\000r\000e}{}% 10
\BOOKMARK [1][-]{section.2.1}{\376\377\000T\000h\000e\000\040\000D\000e\000c\000e\000n\000t\000r\000a\000l\000i\000z\000e\000d\000\040\000G\000o\000v\000e\000r\000n\000a\000n\000c\000e\000\040\000o\000f\000\040\000S\000o\000l\000i\000d\000\040\000W\000a\000s\000t\000e\000\040\000M\000a\000n\000a\000g\000e\000m\000e\000n\000t}{chapter.2}% 11
\BOOKMARK [2][-]{subsection.2.1.1}{\376\377\000M\000o\000v\000i\000n\000g\000\040\000B\000e\000y\000o\000n\000d\000\040\000S\000t\000a\000t\000i\000c\000\040\000O\000p\000t\000i\000m\000i\000z\000a\000t\000i\000o\000n}{section.2.1}% 12
\BOOKMARK [2][-]{subsection.2.1.2}{\376\377\000H\000i\000e\000r\000a\000r\000c\000h\000i\000c\000a\000l\000\040\000a\000n\000d\000\040\000M\000u\000l\000t\000i\000-\000A\000g\000e\000n\000t\000\040\000A\000r\000c\000h\000i\000t\000e\000c\000t\000u\000r\000e\000s}{section.2.1}% 13
\BOOKMARK [2][-]{subsection.2.1.3}{\376\377\000B\000o\000u\000n\000d\000e\000d\000\040\000R\000a\000t\000i\000o\000n\000a\000l\000i\000t\000y\000\040\000a\000n\000d\000\040\000S\000p\000a\000t\000i\000a\000l\000\040\000E\000n\000f\000o\000r\000c\000e\000m\000e\000n\000t}{section.2.1}% 14
\BOOKMARK [1][-]{section.2.2}{\376\377\000B\000e\000h\000a\000v\000i\000o\000r\000a\000l\000\040\000D\000y\000n\000a\000m\000i\000c\000s\000\040\000a\000n\000d\000\040\000t\000h\000e\000\040\000P\000s\000y\000c\000h\000o\000l\000o\000g\000y\000\040\000o\000f\000\040\000C\000o\000m\000p\000l\000i\000a\000n\000c\000e}{chapter.2}% 15
\BOOKMARK [2][-]{subsection.2.2.1}{\376\377\000T\000h\000e\000\040\000T\000h\000e\000o\000r\000y\000\040\000o\000f\000\040\000P\000l\000a\000n\000n\000e\000d\000\040\000B\000e\000h\000a\000v\000i\000o\000r\000\040\000\050\000T\000P\000B\000\051\000\040\000i\000n\000\040\000W\000a\000s\000t\000e\000\040\000M\000a\000n\000a\000g\000e\000m\000e\000n\000t}{section.2.2}% 16
\BOOKMARK [2][-]{subsection.2.2.2}{\376\377\000T\000h\000e\000\040\000C\000o\000n\000v\000e\000n\000i\000e\000n\000c\000e\000\040\000B\000a\000r\000r\000i\000e\000r\000\040\000\050\000C\000o\000s\000t\000\040\000o\000f\000\040\000E\000f\000f\000o\000r\000t\000\051}{section.2.2}% 17
\BOOKMARK [2][-]{subsection.2.2.3}{\376\377\000S\000o\000c\000i\000a\000l\000\040\000T\000i\000p\000p\000i\000n\000g\000\040\000P\000o\000i\000n\000t\000s\000\040\000a\000n\000d\000\040\000C\000u\000l\000t\000u\000r\000a\000l\000\040\000I\000n\000e\000r\000t\000i\000a}{section.2.2}% 18
\BOOKMARK [1][-]{section.2.3}{\376\377\000P\000o\000l\000i\000c\000y\000\040\000B\000e\000h\000a\000v\000i\000o\000r\000a\000l\000\040\000I\000n\000t\000e\000r\000v\000e\000n\000t\000i\000o\000n\000s}{chapter.2}% 19
\BOOKMARK [2][-]{subsection.2.3.1}{\376\377\000E\000c\000o\000n\000o\000m\000i\000c\000\040\000a\000n\000d\000\040\000R\000e\000g\000u\000l\000a\000t\000o\000r\000y\000\040\000L\000e\000v\000e\000r\000s}{section.2.3}% 20
\BOOKMARK [2][-]{subsection.2.3.2}{\376\377\000E\000d\000u\000c\000a\000t\000i\000o\000n\000a\000l\000\040\000a\000n\000d\000\040\000B\000e\000h\000a\000v\000i\000o\000r\000a\000l\000\040\000L\000e\000v\000e\000r\000s}{section.2.3}% 21
\BOOKMARK [2][-]{subsection.2.3.3}{\376\377\000R\000e\000s\000o\000u\000r\000c\000e\000\040\000A\000l\000l\000o\000c\000a\000t\000i\000o\000n\000\040\000H\000e\000u\000r\000i\000s\000t\000i\000c\000s\000\040\000i\000n\000\040\000P\000u\000b\000l\000i\000c\000\040\000P\000o\000l\000i\000c\000y}{section.2.3}% 22
\BOOKMARK [1][-]{section.2.4}{\376\377\000M\000u\000l\000t\000i\000-\000L\000e\000v\000e\000l\000\040\000A\000g\000e\000n\000t\000-\000B\000a\000s\000e\000d\000\040\000M\000o\000d\000e\000l\000i\000n\000g\000\040\000i\000n\000\040\000S\000o\000c\000i\000o\000-\000E\000n\000v\000i\000r\000o\000n\000m\000e\000n\000t\000a\000l\000\040\000S\000y\000s\000t\000e\000m\000s}{chapter.2}% 23
\BOOKMARK [1][-]{section.2.5}{\376\377\000D\000e\000e\000p\000\040\000R\000e\000i\000n\000f\000o\000r\000c\000e\000m\000e\000n\000t\000\040\000L\000e\000a\000r\000n\000i\000n\000g\000\040\000O\000p\000t\000i\000m\000i\000z\000a\000t\000i\000o\000n}{chapter.2}% 24
\BOOKMARK [2][-]{subsection.2.5.1}{\376\377\000T\000h\000e\000\040\000A\000B\000M\000\040\000a\000s\000\040\000a\000\040\000M\000a\000r\000k\000o\000v\000\040\000D\000e\000c\000i\000s\000i\000o\000n\000\040\000P\000r\000o\000c\000e\000s\000s}{section.2.5}% 25
\BOOKMARK [2][-]{subsection.2.5.2}{\376\377\000T\000h\000e\000\040\000S\000p\000a\000r\000s\000e\000\040\000R\000e\000w\000a\000r\000d\000\040\000P\000r\000o\000b\000l\000e\000m\000\040\000i\000n\000\040\000P\000o\000l\000i\000c\000y\000\040\000O\000p\000t\000i\000m\000i\000z\000a\000t\000i\000o\000n}{section.2.5}% 26
\BOOKMARK [2][-]{subsection.2.5.3}{\376\377\000H\000e\000u\000r\000i\000s\000t\000i\000c\000-\000G\000u\000i\000d\000e\000d\000\040\000E\000x\000p\000l\000o\000r\000a\000t\000i\000o\000n}{section.2.5}% 27
\BOOKMARK [2][-]{subsection.2.5.4}{\376\377\000R\000e\000w\000a\000r\000d\000\040\000S\000h\000a\000p\000i\000n\000g}{section.2.5}% 28
\BOOKMARK [2][-]{subsection.2.5.5}{\376\377\000C\000u\000r\000r\000e\000n\000t\000\040\000T\000r\000e\000n\000d\000s\000\040\000a\000n\000d\000\040\000R\000e\000s\000e\000a\000r\000c\000h\000\040\000G\000a\000p}{section.2.5}% 29
\BOOKMARK [1][-]{section.2.6}{\376\377\000S\000y\000n\000t\000h\000e\000s\000i\000s\000\040\000a\000n\000d\000\040\000I\000d\000e\000n\000t\000i\000f\000i\000c\000a\000t\000i\000o\000n\000\040\000o\000f\000\040\000t\000h\000e\000\040\000R\000e\000s\000e\000a\000r\000c\000h\000\040\000G\000a\000p}{chapter.2}% 30
\BOOKMARK [0][-]{chapter.3}{\376\377\000M\000e\000t\000h\000o\000d\000o\000l\000o\000g\000y}{}% 31
\BOOKMARK [1][-]{section.3.1}{\376\377\000R\000e\000s\000e\000a\000r\000c\000h\000\040\000D\000e\000s\000i\000g\000n}{chapter.3}% 32
\BOOKMARK [1][-]{section.3.2}{\376\377\000S\000i\000m\000u\000l\000a\000t\000i\000o\000n\000\040\000A\000r\000c\000h\000i\000t\000e\000c\000t\000u\000r\000e}{chapter.3}% 33
\BOOKMARK [2][-]{subsection.3.2.1}{\376\377\000P\000o\000l\000y\000c\000e\000n\000t\000r\000i\000c\000\040\000G\000o\000v\000e\000r\000n\000a\000n\000c\000e\000:\000\040\000T\000h\000e\000\040\000C\000o\000u\000p\000l\000e\000d\000\040\000A\000B\000M\000-\000R\000L\000\040\000L\000o\000o\000p}{section.3.2}% 34
\BOOKMARK [1][-]{section.3.3}{\376\377\000M\000u\000l\000t\000i\000-\000L\000e\000v\000e\000l\000\040\000A\000g\000e\000n\000t\000-\000B\000a\000s\000e\000d\000\040\000M\000o\000d\000e\000l\000\040\000D\000e\000v\000e\000l\000o\000p\000m\000e\000n\000t}{chapter.3}% 35
\BOOKMARK [2][-]{subsection.3.3.1}{\376\377\000T\000h\000e\000\040\000H\000o\000u\000s\000e\000h\000o\000l\000d\000\040\000A\000g\000e\000n\000t\000:\000\040\000B\000e\000h\000a\000v\000i\000o\000r\000a\000l\000\040\000a\000n\000d\000\040\000C\000o\000m\000p\000u\000t\000a\000t\000i\000o\000n\000a\000l\000\040\000A\000r\000c\000h\000i\000t\000e\000c\000t\000u\000r\000e}{section.3.3}% 36
\BOOKMARK [3][-]{subsubsection.3.3.1.1}{\376\377\000T\000h\000e\000o\000r\000e\000t\000i\000c\000a\000l\000\040\000F\000o\000u\000n\000d\000a\000t\000i\000o\000n\000:\000\040\000T\000h\000e\000\040\000T\000P\000B\000\040\000F\000r\000a\000m\000e\000w\000o\000r\000k\000\040\000a\000n\000d\000\040\000U\000t\000i\000l\000i\000t\000y\000\040\000A\000r\000c\000h\000i\000t\000e\000c\000t\000u\000r\000e}{subsection.3.3.1}% 37
\BOOKMARK [3][-]{subsubsection.3.3.1.2}{\376\377\000M\000o\000d\000e\000l\000i\000n\000g\000\040\000B\000e\000h\000a\000v\000i\000o\000r\000a\000l\000\040\000I\000n\000e\000r\000t\000i\000a\000:\000\040\000S\000o\000c\000i\000a\000l\000\040\000S\000h\000i\000e\000l\000d\000s\000\040\000a\000n\000d\000\040\000N\000o\000r\000m\000\040\000I\000n\000t\000e\000r\000n\000a\000l\000i\000z\000a\000t\000i\000o\000n}{subsection.3.3.1}% 38
\BOOKMARK [3][-]{subsubsection.3.3.1.3}{\376\377\000C\000o\000m\000p\000u\000t\000a\000t\000i\000o\000n\000a\000l\000\040\000I\000m\000p\000l\000e\000m\000e\000n\000t\000a\000t\000i\000o\000n\000\040\000a\000n\000d\000\040\000S\000t\000a\000t\000e\000\040\000T\000r\000a\000n\000s\000i\000t\000i\000o\000n\000s}{subsection.3.3.1}% 39
\BOOKMARK [3][-]{subsubsection.3.3.1.4}{\376\377\000V\000a\000l\000i\000d\000a\000t\000i\000o\000n\000\040\000o\000f\000\040\000H\000o\000u\000s\000e\000h\000o\000l\000d\000\040\000M\000e\000c\000h\000a\000n\000i\000c\000s\000:\000\040\000G\000l\000o\000b\000a\000l\000\040\000S\000e\000n\000s\000i\000t\000i\000v\000i\000t\000y\000\040\000A\000n\000a\000l\000y\000s\000i\000s}{subsection.3.3.1}% 40
\BOOKMARK [2][-]{subsection.3.3.2}{\376\377\000T\000h\000e\000\040\000E\000n\000f\000o\000r\000c\000e\000m\000e\000n\000t\000\040\000A\000g\000e\000n\000t\000:\000\040\000S\000p\000a\000t\000i\000a\000l\000\040\000D\000y\000n\000a\000m\000i\000c\000s\000\040\000a\000n\000d\000\040\000P\000u\000n\000i\000t\000i\000v\000e\000\040\000A\000c\000t\000u\000a\000t\000i\000o\000n}{section.3.3}% 41
\BOOKMARK [2][-]{subsection.3.3.3}{\376\377\000T\000h\000e\000\040\000B\000a\000r\000a\000n\000g\000a\000y\000\040\000A\000g\000e\000n\000t\000:\000\040\000M\000e\000s\000o\000-\000L\000e\000v\000e\000l\000\040\000A\000g\000g\000r\000e\000g\000a\000t\000i\000o\000n\000\040\000a\000n\000d\000\040\000F\000i\000s\000c\000a\000l\000\040\000E\000x\000e\000c\000u\000t\000i\000o\000n}{section.3.3}% 42
\BOOKMARK [2][-]{subsection.3.3.4}{\376\377\000T\000h\000e\000\040\000M\000a\000y\000o\000r\000\040\000A\000g\000e\000n\000t\000:\000\040\000M\000a\000c\000r\000o\000-\000L\000e\000v\000e\000l\000\040\000I\000n\000t\000e\000r\000v\000e\000n\000t\000i\000o\000n\000\040\000a\000n\000d\000\040\000D\000R\000L\000\040\000E\000x\000e\000c\000u\000t\000i\000o\000n}{section.3.3}% 43
\BOOKMARK [2][-]{subsection.3.3.5}{\376\377\000F\000o\000r\000m\000a\000l\000i\000z\000a\000t\000i\000o\000n\000\040\000a\000s\000\040\000a\000\040\000M\000a\000r\000k\000o\000v\000\040\000D\000e\000c\000i\000s\000i\000o\000n\000\040\000P\000r\000o\000c\000e\000s\000s}{section.3.3}% 44
\BOOKMARK [1][-]{section.3.4}{\376\377\000H\000e\000u\000r\000i\000s\000t\000i\000c\000-\000G\000u\000i\000d\000e\000d\000\040\000D\000e\000e\000p\000\040\000R\000e\000i\000n\000f\000o\000r\000c\000e\000m\000e\000n\000t\000\040\000L\000e\000a\000r\000n\000i\000n\000g}{chapter.3}% 45
\BOOKMARK [2][-]{subsection.3.4.1}{\376\377\000P\000r\000o\000x\000i\000m\000a\000l\000\040\000P\000o\000l\000i\000c\000y\000\040\000O\000p\000t\000i\000m\000i\000z\000a\000t\000i\000o\000n\000\040\000\050\000P\000P\000O\000\051\000\040\000A\000r\000c\000h\000i\000t\000e\000c\000t\000u\000r\000e}{section.3.4}% 46
\BOOKMARK [2][-]{subsection.3.4.2}{\376\377\000M\000a\000r\000k\000o\000v\000\040\000D\000e\000c\000i\000s\000i\000o\000n\000\040\000P\000r\000o\000c\000e\000s\000s\000\040\000\050\000M\000D\000P\000\051\000\040\000F\000o\000r\000m\000u\000l\000a\000t\000i\000o\000n}{section.3.4}% 47
\BOOKMARK [2][-]{subsection.3.4.3}{\376\377\000A\000d\000d\000r\000e\000s\000s\000i\000n\000g\000\040\000S\000p\000a\000r\000s\000e\000\040\000R\000e\000w\000a\000r\000d\000s\000\040\000v\000i\000a\000\040\000S\000a\000f\000e\000t\000y\000-\000C\000r\000i\000t\000i\000c\000a\000l\000\040\000A\000c\000t\000i\000o\000n\000\040\000M\000a\000s\000k\000i\000n\000g}{section.3.4}% 48
\BOOKMARK [2][-]{subsection.3.4.4}{\376\377\000M\000u\000l\000t\000i\000-\000O\000b\000j\000e\000c\000t\000i\000v\000e\000\040\000R\000e\000w\000a\000r\000d\000\040\000S\000h\000a\000p\000i\000n\000g}{section.3.4}% 49
\BOOKMARK [1][-]{section.3.5}{\376\377\000R\000u\000n\000n\000i\000n\000g\000\040\000t\000h\000e\000\040\000S\000i\000m\000u\000l\000a\000t\000i\000o\000n}{chapter.3}% 50
\BOOKMARK [2][-]{subsection.3.5.1}{\376\377\000I\000n\000p\000u\000t\000s\000\040\000a\000n\000d\000\040\000P\000a\000r\000a\000m\000e\000t\000e\000r\000i\000z\000a\000t\000i\000o\000n}{section.3.5}% 51
\BOOKMARK [3][-]{subsubsection.3.5.1.1}{\376\377\000B\000e\000h\000a\000v\000i\000o\000r\000a\000l\000\040\000a\000n\000d\000\040\000S\000o\000c\000i\000o\000-\000E\000c\000o\000n\000o\000m\000i\000c\000\040\000I\000n\000i\000t\000i\000a\000l\000i\000z\000a\000t\000i\000o\000n}{subsection.3.5.1}% 52
\BOOKMARK [3][-]{subsubsection.3.5.1.2}{\376\377\000S\000o\000c\000i\000o\000-\000d\000e\000m\000o\000g\000r\000a\000p\000h\000i\000c\000\040\000a\000n\000d\000\040\000I\000n\000s\000t\000i\000t\000u\000t\000i\000o\000n\000a\000l\000\040\000C\000o\000n\000s\000t\000r\000a\000i\000n\000t\000s}{subsection.3.5.1}% 53
\BOOKMARK [2][-]{subsection.3.5.2}{\376\377\000T\000r\000a\000i\000n\000i\000n\000g\000\040\000a\000n\000d\000\040\000V\000a\000l\000i\000d\000a\000t\000i\000o\000n\000\040\000A\000r\000c\000h\000i\000t\000e\000c\000t\000u\000r\000e}{section.3.5}% 54
\BOOKMARK [2][-]{subsection.3.5.3}{\376\377\000H\000y\000p\000e\000r\000p\000a\000r\000a\000m\000e\000t\000e\000r\000\040\000C\000o\000n\000f\000i\000g\000u\000r\000a\000t\000i\000o\000n\000\040\000a\000n\000d\000\040\000N\000e\000t\000w\000o\000r\000k\000\040\000A\000r\000c\000h\000i\000t\000e\000c\000t\000u\000r\000e}{section.3.5}% 55
\BOOKMARK [2][-]{subsection.3.5.4}{\376\377\000D\000a\000t\000a\000\040\000E\000x\000t\000r\000a\000c\000t\000i\000o\000n\000\040\000a\000n\000d\000\040\000V\000i\000s\000u\000a\000l\000i\000z\000a\000t\000i\000o\000n\000\040\000A\000r\000c\000h\000i\000t\000e\000c\000t\000u\000r\000e}{section.3.5}% 56
\BOOKMARK [2][-]{subsection.3.5.5}{\376\377\000E\000v\000a\000l\000u\000a\000t\000i\000o\000n}{section.3.5}% 57
\BOOKMARK [2][-]{subsection.3.5.6}{\376\377\000M\000o\000d\000e\000l\000\040\000V\000a\000l\000i\000d\000a\000t\000i\000o\000n\000\040\000a\000n\000d\000\040\000V\000e\000r\000i\000f\000i\000c\000a\000t\000i\000o\000n}{section.3.5}% 58
\BOOKMARK [2][-]{subsection.3.5.7}{\376\377\000S\000t\000r\000u\000c\000t\000u\000r\000a\000l\000\040\000R\000o\000b\000u\000s\000t\000n\000e\000s\000s\000\040\000a\000n\000d\000\040\000S\000e\000n\000s\000i\000t\000i\000v\000t\000y\000\040\000E\000v\000a\000l\000u\000a\000t\000i\000o\000n}{section.3.5}% 59
\BOOKMARK [2][-]{subsection.3.5.8}{\376\377\000C\000o\000m\000p\000u\000t\000a\000t\000i\000o\000n\000a\000l\000\040\000S\000e\000t\000u\000p\000\040\000a\000n\000d\000\040\000M\000u\000l\000t\000i\000p\000r\000o\000c\000e\000s\000s\000i\000n\000g}{section.3.5}% 60
\BOOKMARK [1][-]{section.3.6}{\376\377\000E\000t\000h\000i\000c\000a\000l\000\040\000C\000o\000n\000s\000i\000d\000e\000r\000a\000t\000i\000o\000n\000s\000\040\000a\000n\000d\000\040\000L\000i\000m\000i\000t\000a\000t\000i\000o\000n\000s}{chapter.3}% 61
\BOOKMARK [0][-]{chapter.4}{\376\377\000R\000e\000s\000u\000l\000t\000s\000\040\000a\000n\000d\000\040\000D\000i\000s\000c\000u\000s\000s\000i\000o\000n}{}% 62
\BOOKMARK [1][-]{section.4.1}{\376\377\000E\000m\000p\000i\000r\000i\000c\000a\000l\000\040\000D\000a\000t\000a\000\040\000E\000x\000t\000r\000a\000c\000t\000i\000o\000n\000\040\000a\000n\000d\000\040\000S\000y\000s\000t\000e\000m\000\040\000I\000n\000i\000t\000i\000a\000l\000i\000z\000a\000t\000i\000o\000n}{chapter.4}% 63
\BOOKMARK [2][-]{subsection.4.1.1}{\376\377\000E\000m\000p\000i\000r\000i\000c\000a\000l\000\040\000P\000a\000r\000a\000m\000e\000t\000e\000r\000i\000z\000a\000t\000i\000o\000n\000\040\000o\000f\000\040\000t\000h\000e\000\040\000S\000t\000a\000t\000e\000\040\000S\000p\000a\000c\000e}{section.4.1}% 64
\BOOKMARK [2][-]{subsection.4.1.2}{\376\377\000B\000a\000s\000e\000l\000i\000n\000e\000\040\000C\000a\000l\000i\000b\000r\000a\000t\000i\000o\000n\000\040\000a\000n\000d\000\040\000S\000t\000o\000c\000h\000a\000s\000t\000i\000c\000\040\000S\000e\000e\000d\000i\000n\000g}{section.4.1}% 65
\BOOKMARK [2][-]{subsection.4.1.3}{\376\377\000T\000h\000e\000\040\000`\000`\000A\000c\000t\000\040\000v\000s\000.\000\040\000R\000e\000a\000l\000i\000t\000y\000'\000'\000\040\000G\000a\000p\000\040\000a\000n\000d\000\040\000t\000h\000e\000\040\000D\000a\000n\000g\000e\000r\000\040\000o\000f\000\040\000A\000l\000g\000o\000r\000i\000t\000h\000m\000i\000c\000\040\000B\000i\000a\000s}{section.4.1}% 66
\BOOKMARK [1][-]{section.4.2}{\376\377\000G\000l\000o\000b\000a\000l\000\040\000S\000e\000n\000s\000i\000t\000i\000v\000i\000t\000y\000\040\000A\000n\000a\000l\000y\000s\000i\000s\000\040\000a\000n\000d\000\040\000S\000y\000s\000t\000e\000m\000i\000c\000\040\000C\000o\000n\000s\000t\000r\000a\000i\000n\000t\000s}{chapter.4}% 67
\BOOKMARK [2][-]{subsection.4.2.1}{\376\377\000T\000h\000e\000\040\000`\000`\000C\000o\000n\000v\000e\000n\000i\000e\000n\000c\000e\000\040\000B\000a\000r\000r\000i\000e\000r\000'\000'\000\040\000a\000n\000d\000\040\000t\000h\000e\000\040\000A\000b\000s\000o\000l\000u\000t\000e\000\040\000D\000o\000m\000i\000n\000a\000n\000c\000e\000\040\000o\000f\000\040\000P\000h\000y\000s\000i\000c\000a\000l\000\040\000F\000r\000i\000c\000t\000i\000o\000n}{section.4.2}% 68
\BOOKMARK [2][-]{subsection.4.2.2}{\376\377\000T\000h\000e\000\040\000`\000`\000V\000a\000l\000u\000e\000-\000A\000c\000t\000i\000o\000n\000\040\000G\000a\000p\000'\000'\000\040\000a\000n\000d\000\040\000t\000h\000e\000\040\000I\000n\000t\000e\000n\000t\000i\000o\000n\000-\000A\000c\000t\000i\000o\000n\000\040\000T\000r\000a\000p}{section.4.2}% 69
\BOOKMARK [2][-]{subsection.4.2.3}{\376\377\000S\000e\000n\000s\000i\000t\000i\000v\000i\000t\000y\000\040\000A\000n\000a\000l\000y\000s\000i\000s\000\040\000o\000f\000\040\000S\000o\000c\000i\000a\000l\000\040\000T\000i\000p\000p\000i\000n\000g\000\040\000P\000o\000i\000n\000t\000s}{section.4.2}% 70
\BOOKMARK [2][-]{subsection.4.2.4}{\376\377\000N\000o\000n\000-\000L\000i\000n\000e\000a\000r\000\040\000I\000n\000t\000e\000r\000a\000c\000t\000i\000v\000i\000t\000y\000\040\000a\000n\000d\000\040\000H\000a\000b\000i\000t\000\040\000D\000e\000c\000a\000y}{section.4.2}% 71
\BOOKMARK [2][-]{subsection.4.2.5}{\376\377\000L\000i\000m\000i\000t\000a\000t\000i\000o\000n\000s\000\040\000a\000n\000d\000\040\000t\000h\000e\000\040\000I\000n\000f\000o\000r\000m\000a\000l\000\040\000E\000c\000o\000n\000o\000m\000y}{section.4.2}% 72
\BOOKMARK [1][-]{section.4.3}{\376\377\000A\000l\000g\000o\000r\000i\000t\000h\000m\000i\000c\000\040\000C\000h\000a\000l\000l\000e\000n\000g\000e\000s\000\040\000a\000n\000d\000\040\000D\000R\000L\000\040\000R\000e\000f\000i\000n\000e\000m\000e\000n\000t}{chapter.4}% 73
\BOOKMARK [2][-]{subsection.4.3.1}{\376\377\000O\000v\000e\000r\000c\000o\000m\000i\000n\000g\000\040\000t\000h\000e\000\040\000S\000p\000a\000r\000s\000e\000\040\000R\000e\000w\000a\000r\000d\000\040\000P\000r\000o\000b\000l\000e\000m\000\040\000v\000i\000a\000\040\000A\000c\000t\000i\000o\000n\000\040\000M\000a\000s\000k\000i\000n\000g}{section.4.3}% 74
\BOOKMARK [2][-]{subsection.4.3.2}{\376\377\000C\000o\000m\000p\000a\000r\000a\000t\000i\000v\000e\000\040\000C\000o\000n\000v\000e\000r\000g\000e\000n\000c\000e\000\040\000a\000n\000d\000\040\000A\000l\000g\000o\000r\000i\000t\000h\000m\000i\000c\000\040\000R\000o\000b\000u\000s\000t\000n\000e\000s\000s}{section.4.3}% 75
\BOOKMARK [2][-]{subsection.4.3.3}{\376\377\000A\000b\000l\000a\000t\000i\000o\000n\000\040\000S\000t\000u\000d\000y\000:\000\040\000I\000s\000o\000l\000a\000t\000i\000n\000g\000\040\000t\000h\000e\000\040\000E\000f\000f\000e\000c\000t\000\040\000o\000f\000\040\000P\000P\000O}{section.4.3}% 76
\BOOKMARK [2][-]{subsection.4.3.4}{\376\377\000H\000e\000u\000r\000i\000s\000t\000i\000c\000\040\000R\000e\000w\000a\000r\000d\000\040\000D\000e\000s\000i\000g\000n\000\040\000a\000n\000d\000\040\000P\000o\000p\000u\000l\000a\000t\000i\000o\000n\000\040\000D\000e\000n\000s\000i\000t\000y\000\040\000B\000i\000a\000s}{section.4.3}% 77
\BOOKMARK [2][-]{subsection.4.3.5}{\376\377\000A\000d\000d\000r\000e\000s\000s\000i\000n\000g\000\040\000B\000e\000h\000a\000v\000i\000o\000r\000a\000l\000\040\000V\000o\000l\000a\000t\000i\000l\000i\000t\000y\000\040\000v\000i\000a\000\040\000t\000h\000e\000\040\000S\000o\000c\000i\000a\000l\000\040\000N\000o\000r\000m\000\040\000S\000h\000i\000e\000l\000d}{section.4.3}% 78
\BOOKMARK [1][-]{section.4.4}{\376\377\000C\000o\000m\000p\000a\000r\000a\000t\000i\000v\000e\000\040\000P\000o\000l\000i\000c\000y\000\040\000O\000p\000t\000i\000m\000i\000z\000a\000t\000i\000o\000n}{chapter.4}% 79
\BOOKMARK [2][-]{subsection.4.4.1}{\376\377\000C\000o\000m\000p\000a\000r\000a\000t\000i\000v\000e\000\040\000P\000o\000l\000i\000c\000y\000\040\000O\000p\000t\000i\000m\000i\000z\000a\000t\000i\000o\000n}{section.4.4}% 80
\BOOKMARK [2][-]{subsection.4.4.2}{\376\377\000B\000a\000s\000e\000l\000i\000n\000e\000:\000\040\000T\000h\000e\000\040\000S\000t\000a\000t\000u\000s\000\040\000Q\000u\000o}{section.4.4}% 81
\BOOKMARK [2][-]{subsection.4.4.3}{\376\377\000P\000u\000r\000e\000\040\000E\000n\000f\000o\000r\000c\000e\000m\000e\000n\000t\000:\000\040\000T\000h\000e\000\040\000D\000r\000a\000c\000o\000n\000i\000a\000n\000\040\000T\000r\000a\000p\000\040\000a\000n\000d\000\040\000P\000o\000l\000i\000t\000i\000c\000a\000l\000\040\000C\000o\000l\000l\000a\000p\000s\000e}{section.4.4}% 82
\BOOKMARK [2][-]{subsection.4.4.4}{\376\377\000P\000u\000r\000e\000\040\000I\000n\000c\000e\000n\000t\000i\000v\000e\000s\000:\000\040\000T\000h\000e\000\040\000T\000r\000a\000n\000s\000a\000c\000t\000i\000o\000n\000a\000l\000\040\000T\000r\000a\000p\000\040\000a\000n\000d\000\040\000B\000u\000d\000g\000e\000t\000\040\000E\000x\000h\000a\000u\000s\000t\000i\000o\000n}{section.4.4}% 83
\BOOKMARK [2][-]{subsection.4.4.5}{\376\377\000T\000h\000e\000\040\000H\000u\000D\000R\000L\000\040\000M\000a\000y\000o\000r\000\040\000A\000g\000e\000n\000t\000:\000\040\000S\000e\000q\000u\000e\000n\000t\000i\000a\000l\000\040\000S\000a\000t\000u\000r\000a\000t\000i\000o\000n\000\040\000a\000n\000d\000\040\000S\000t\000a\000b\000i\000l\000i\000z\000a\000t\000i\000o\000n}{section.4.4}% 84
\BOOKMARK [2][-]{subsection.4.4.6}{\376\377\000T\000h\000e\000\040\000D\000i\000l\000u\000t\000i\000o\000n\000\040\000E\000f\000f\000e\000c\000t\000\040\000a\000n\000d\000\040\000t\000h\000e\000\040\000F\000a\000i\000l\000u\000r\000e\000\040\000o\000f\000\040\000t\000h\000e\000\040\000S\000t\000a\000t\000u\000s\000\040\000Q\000u\000o}{section.4.4}% 85
\BOOKMARK [2][-]{subsection.4.4.7}{\376\377\000T\000h\000e\000\040\000P\000l\000a\000t\000e\000a\000u\000\040\000o\000f\000\040\000S\000i\000n\000g\000l\000e\000-\000I\000n\000s\000t\000r\000u\000m\000e\000n\000t\000\040\000R\000e\000g\000i\000m\000e\000s}{section.4.4}% 86
\BOOKMARK [2][-]{subsection.4.4.8}{\376\377\000S\000e\000q\000u\000e\000n\000t\000i\000a\000l\000\040\000S\000a\000t\000u\000r\000a\000t\000i\000o\000n\000:\000\040\000T\000h\000e\000\040\000H\000u\000D\000R\000L\000\040\000A\000d\000v\000a\000n\000t\000a\000g\000e}{section.4.4}% 87
\BOOKMARK [2][-]{subsection.4.4.9}{\376\377\000S\000y\000n\000t\000h\000e\000s\000i\000s\000\040\000o\000f\000\040\000P\000o\000l\000i\000c\000y\000\040\000T\000r\000a\000j\000e\000c\000t\000o\000r\000i\000e\000s\000\040\000a\000n\000d\000\040\000S\000y\000s\000t\000e\000m\000i\000c\000\040\000S\000t\000a\000b\000i\000l\000i\000t\000y}{section.4.4}% 88
\BOOKMARK [2][-]{subsection.4.4.10}{\376\377\000F\000i\000n\000a\000l\000\040\000P\000o\000l\000i\000c\000y\000\040\000I\000m\000p\000l\000i\000c\000a\000t\000i\000o\000n\000s\000\040\000f\000o\000r\000\040\000t\000h\000e\000\040\000L\000o\000c\000a\000l\000\040\000G\000o\000v\000e\000r\000n\000m\000e\000n\000t\000\040\000U\000n\000i\000t}{section.4.4}% 89
\BOOKMARK [1][-]{section.4.5}{\376\377\000S\000y\000n\000t\000h\000e\000s\000i\000s\000\040\000o\000f\000\040\000F\000i\000n\000d\000i\000n\000g\000s}{chapter.4}% 90
\BOOKMARK [1][-]{section.4.6}{\376\377\000P\000o\000l\000i\000c\000y\000\040\000I\000m\000p\000l\000i\000c\000a\000t\000i\000o\000n\000s}{chapter.4}% 91
\BOOKMARK [2][-]{subsection.4.6.1}{\376\377\000A\000l\000g\000o\000r\000i\000t\000h\000m\000i\000c\000\040\000R\000e\000s\000o\000u\000r\000c\000e\000\040\000T\000a\000r\000g\000e\000t\000i\000n\000g\000\040\000\050\000S\000e\000q\000u\000e\000n\000t\000i\000a\000l\000\040\000S\000a\000t\000u\000r\000a\000t\000i\000o\000n\000\051}{section.4.6}% 92
\BOOKMARK [2][-]{subsection.4.6.2}{\376\377\000F\000r\000i\000c\000t\000i\000o\000n\000\040\000R\000e\000d\000u\000c\000t\000i\000o\000n\000\040\000a\000n\000d\000\040\000I\000n\000f\000r\000a\000s\000t\000r\000u\000c\000t\000u\000r\000e}{section.4.6}% 93
\BOOKMARK [2][-]{subsection.4.6.3}{\376\377\000P\000i\000l\000l\000a\000r\000\040\000I\000I\000I\000:\000\040\000P\000u\000l\000s\000e\000d\000\040\000E\000n\000f\000o\000r\000c\000e\000m\000e\000n\000t\000,\000\040\000t\000h\000e\000\040\000G\000r\000a\000d\000u\000a\000t\000i\000o\000n\000\040\000R\000u\000l\000e\000,\000\040\000a\000n\000d\000\040\000t\000h\000e\000\040\000T\000r\000a\000n\000s\000a\000c\000t\000i\000o\000n\000a\000l\000\040\000T\000r\000a\000p\000\040\000o\000f\000\040\000I\000n\000c\000e\000n\000t\000i\000v\000e\000s}{section.4.6}% 94
\BOOKMARK [2][-]{subsection.4.6.4}{\376\377\000P\000i\000l\000l\000a\000r\000\040\000I\000V\000:\000\040\000P\000r\000e\000d\000i\000c\000t\000i\000v\000e\000\040\000P\000o\000l\000i\000c\000y\000\040\000P\000r\000o\000t\000o\000t\000y\000p\000i\000n\000g}{section.4.6}% 95
\BOOKMARK [2][-]{subsection.4.6.5}{\376\377\000S\000y\000n\000t\000h\000e\000s\000i\000s\000:\000\040\000F\000r\000o\000m\000\040\000S\000i\000m\000u\000l\000a\000t\000i\000o\000n\000\040\000t\000o\000\040\000G\000o\000v\000e\000r\000n\000a\000n\000c\000e\000\040\000R\000e\000a\000l\000i\000t\000y}{section.4.6}% 96
\BOOKMARK [0][-]{chapter.5}{\376\377\000C\000o\000n\000c\000l\000u\000s\000i\000o\000n\000s}{}% 97
\BOOKMARK [1][-]{section.5.1}{\376\377\000A\000c\000h\000i\000e\000v\000e\000d\000\040\000O\000b\000j\000e\000c\000t\000i\000v\000e\000s}{chapter.5}% 98
\BOOKMARK [1][-]{section.5.2}{\376\377\000P\000o\000l\000i\000c\000y\000\040\000B\000r\000i\000e\000f}{chapter.5}% 99
\BOOKMARK [1][-]{section.5.3}{\376\377\000C\000r\000i\000t\000i\000q\000u\000e\000\040\000a\000n\000d\000\040\000L\000i\000m\000i\000t\000a\000t\000i\000o\000n\000s}{chapter.5}% 100
\BOOKMARK [1][-]{section.5.4}{\376\377\000F\000u\000t\000u\000r\000e\000\040\000W\000o\000r\000k}{chapter.5}% 101
\BOOKMARK [1][-]{section.5.5}{\376\377\000F\000i\000n\000a\000l\000\040\000R\000e\000m\000a\000r\000k\000s}{chapter.5}% 102
\BOOKMARK [0][-]{appendix.A}{\376\377\000O\000r\000d\000i\000n\000a\000n\000c\000e\000s}{}% 103
\BOOKMARK [1][-]{section.A.1}{\376\377\000M\000u\000n\000i\000c\000i\000p\000a\000l\000\040\000O\000r\000d\000i\000n\000a\000n\000c\000e\000s}{appendix.A}% 104
\BOOKMARK [2][-]{subsection.A.1.1}{\376\377\000M\000u\000n\000i\000c\000i\000p\000a\000l\000\040\000O\000r\000d\000i\000n\000a\000n\000c\000e\000\040\000N\000o\000.\000\040\0002\0000\0001\0008\000-\0000\0005}{section.A.1}% 105
\BOOKMARK [2][-]{subsection.A.1.2}{\376\377\000M\000u\000n\000i\000c\000i\000p\000a\000l\000\040\000A\000p\000p\000r\000o\000p\000r\000i\000a\000t\000i\000o\000n\000\040\000O\000r\000d\000i\000n\000a\000n\000c\000e\000\040\000N\000o\000.\000\040\0002\0000\0002\0004\000-\0000\0001}{section.A.1}% 106
\BOOKMARK [1][-]{section.A.2}{\376\377\000B\000a\000r\000a\000n\000g\000a\000y\000\040\000A\000p\000p\000r\000o\000p\000r\000i\000a\000t\000i\000o\000n\000\040\000O\000r\000d\000i\000n\000a\000n\000c\000e\000s\000\040\000f\000o\000r\000\040\000C\000Y\000\040\0002\0000\0002\0005}{appendix.A}% 107
\BOOKMARK [2][-]{subsection.A.2.1}{\376\377\000B\000a\000r\000a\000n\000g\000a\000y\000\040\000B\000a\000b\000a\000l\000a\000y\000a\000\040\000A\000p\000p\000r\000o\000p\000r\000i\000a\000t\000i\000o\000n\000\040\000O\000r\000d\000i\000n\000a\000n\000c\000e\000\040\000N\000o\000.\000\040\0000\0002\000\040\000S\000e\000r\000i\000e\000s\000\040\000o\000f\000\040\0002\0000\0002\0004}{section.A.2}% 108
\BOOKMARK [2][-]{subsection.A.2.2}{\376\377\000B\000a\000r\000a\000n\000g\000a\000y\000\040\000B\000i\000n\000u\000n\000i\000\040\000R\000e\000s\000o\000l\000u\000t\000i\000o\000n\000\040\000N\000o\000.\000\040\0000\0006\000\040\000S\000-\0002\0000\0002\0005}{section.A.2}% 109
\BOOKMARK [2][-]{subsection.A.2.3}{\376\377\000B\000a\000r\000a\000n\000g\000a\000y\000\040\000E\000s\000p\000e\000r\000a\000n\000z\000a\000\040\000A\000p\000p\000r\000o\000p\000r\000i\000a\000t\000i\000o\000n\000\040\000O\000r\000d\000i\000n\000a\000n\000c\000e\000\040\000N\000o\000.\000\040\0000\0001\000\040\000S\000e\000r\000i\000e\000s\000\040\000o\000f\000\040\0002\0000\0002\0005}{section.A.2}% 110
\BOOKMARK [2][-]{subsection.A.2.4}{\376\377\000B\000a\000r\000a\000n\000g\000a\000y\000\040\000D\000e\000m\000o\000l\000o\000g\000a\000n\000\040\000A\000p\000p\000r\000o\000p\000r\000i\000a\000t\000i\000o\000n\000\040\000R\000e\000s\000o\000l\000u\000t\000i\000o\000n\000\040\000N\000o\000.\000\040\0001\000\040\000S\000.\0002\0000\0002\0005}{section.A.2}% 111
\BOOKMARK [2][-]{subsection.A.2.5}{\376\377\000B\000a\000r\000a\000n\000g\000a\000y\000\040\000L\000i\000a\000n\000g\000a\000n\000\040\000E\000a\000s\000t\000\040\000A\000p\000p\000r\000o\000p\000r\000i\000a\000t\000i\000o\000n\000\040\000O\000r\000d\000i\000n\000a\000n\000c\000e\000\040\000N\000o\000.\000\040\0000\0001\000-\0002\0000\0002\0004}{section.A.2}% 112
\BOOKMARK [2][-]{subsection.A.2.6}{\376\377\000B\000a\000r\000a\000n\000g\000a\000y\000\040\000M\000a\000t\000i\000\040\000A\000p\000p\000r\000o\000p\000r\000i\000a\000t\000i\000o\000n\000\040\000R\000e\000s\000o\000l\000u\000t\000i\000o\000n\000\040\000N\000o\000.\000\040\0001\0002\000-\0002\0000\0002\0004}{section.A.2}% 113
\BOOKMARK [2][-]{subsection.A.2.7}{\376\377\000B\000a\000r\000a\000n\000g\000a\000y\000\040\000P\000o\000b\000l\000a\000c\000i\000o\000n\000\040\000A\000p\000p\000r\000o\000p\000r\000i\000a\000t\000i\000o\000n\000\040\000R\000e\000s\000o\000l\000u\000t\000i\000o\000n\000\040\000N\000o\000.\000\040\0000\0007\000-\0002\0000\0002\0004}{section.A.2}% 114
\BOOKMARK [0][-]{appendix.B}{\376\377\000I\000n\000t\000e\000r\000v\000i\000e\000w\000\040\000T\000r\000a\000n\000s\000c\000r\000i\000p\000t\000i\000o\000n\000s}{}% 115
\BOOKMARK [1][-]{section.B.1}{\376\377\000M\000u\000n\000i\000c\000i\000p\000a\000l\000\040\000E\000n\000v\000i\000r\000o\000n\000m\000e\000n\000t\000\040\000a\000n\000d\000\040\000N\000a\000t\000u\000r\000a\000l\000\040\000R\000e\000s\000o\000u\000r\000c\000e\000s\000\040\000O\000f\000f\000i\000c\000e\000r\000\040\000\050\000M\000E\000N\000R\000O\000\051}{appendix.B}% 116
\BOOKMARK [1][-]{section.B.2}{\376\377\000B\000a\000r\000a\000n\000g\000a\000y\000\040\000B\000a\000b\000a\000l\000a\000y\000a}{appendix.B}% 117
\BOOKMARK [1][-]{section.B.3}{\376\377\000B\000a\000r\000a\000n\000g\000a\000y\000\040\000B\000i\000n\000u\000n\000i}{appendix.B}% 118
\BOOKMARK [1][-]{section.B.4}{\376\377\000B\000a\000r\000a\000n\000g\000a\000y\000\040\000D\000e\000m\000o\000l\000o\000g\000a\000n}{appendix.B}% 119
\BOOKMARK [1][-]{section.B.5}{\376\377\000B\000a\000r\000a\000n\000g\000a\000y\000\040\000E\000s\000p\000e\000r\000a\000n\000z\000a}{appendix.B}% 120
\BOOKMARK [1][-]{section.B.6}{\376\377\000B\000a\000r\000a\000n\000g\000a\000y\000\040\000L\000i\000a\000n\000g\000a\000n\000\040\000E\000a\000s\000t}{appendix.B}% 121
\BOOKMARK [1][-]{section.B.7}{\376\377\000B\000a\000r\000a\000n\000g\000a\000y\000\040\000M\000a\000t\000i}{appendix.B}% 122
\BOOKMARK [1][-]{section.B.8}{\376\377\000B\000a\000r\000a\000n\000g\000a\000y\000\040\000P\000o\000b\000l\000a\000c\000i\000o\000n}{appendix.B}% 123
\BOOKMARK [0][-]{appendix.C}{\376\377\000T\000a\000b\000l\000e\000s\000\040\000o\000f\000\040\000R\000e\000s\000u\000l\000t}{}% 124
\BOOKMARK [1][-]{section.C.1}{\376\377\000F\000i\000n\000a\000n\000c\000i\000a\000l\000\040\000a\000n\000d\000\040\000C\000o\000m\000p\000l\000i\000a\000n\000c\000e\000\040\000D\000a\000t\000a\000\040\000f\000o\000r\000\040\000B\000a\000s\000e\000l\000i\000n\000e\000\040\000i\000n\000\040\0003\000-\000Y\000e\000a\000r\000\040\000T\000e\000r\000m}{appendix.C}% 125
\BOOKMARK [2][-]{subsection.C.1.1}{\376\377\000B\000r\000g\000y\000\040\000B\000a\000b\000a\000l\000a\000y\000a}{section.C.1}% 126
\BOOKMARK [2][-]{subsection.C.1.2}{\376\377\000B\000r\000g\000y\000\040\000B\000i\000n\000u\000n\000i}{section.C.1}% 127
\BOOKMARK [2][-]{subsection.C.1.3}{\376\377\000B\000r\000g\000y\000\040\000D\000e\000m\000o\000l\000o\000g\000a\000n}{section.C.1}% 128
\BOOKMARK [2][-]{subsection.C.1.4}{\376\377\000B\000r\000g\000y\000\040\000E\000s\000p\000e\000r\000a\000n\000z\000a}{section.C.1}% 129
\BOOKMARK [2][-]{subsection.C.1.5}{\376\377\000B\000r\000g\000y\000\040\000L\000i\000a\000n\000g\000a\000n\000\040\000E\000a\000s\000t}{section.C.1}% 130
\BOOKMARK [2][-]{subsection.C.1.6}{\376\377\000B\000r\000g\000y\000\040\000M\000a\000t\000i}{section.C.1}% 131
\BOOKMARK [2][-]{subsection.C.1.7}{\376\377\000B\000r\000g\000y\000\040\000P\000o\000b\000l\000a\000c\000i\000o\000n}{section.C.1}% 132
\BOOKMARK [1][-]{section.C.2}{\376\377\000F\000i\000n\000a\000n\000c\000i\000a\000l\000\040\000a\000n\000d\000\040\000C\000o\000m\000p\000l\000i\000a\000n\000c\000e\000\040\000D\000a\000t\000a\000\040\000f\000o\000r\000\040\000P\000u\000r\000e\000\040\000E\000n\000f\000o\000r\000c\000e\000m\000e\000n\000t\000\040\000i\000n\000\040\0003\000-\000Y\000e\000a\000r\000\040\000T\000e\000r\000m}{appendix.C}% 133
\BOOKMARK [2][-]{subsection.C.2.1}{\376\377\000B\000r\000g\000y\000\040\000L\000i\000a\000n\000g\000a\000n\000\040\000E\000a\000s\000t}{section.C.2}% 134
\BOOKMARK [2][-]{subsection.C.2.2}{\376\377\000B\000r\000g\000y\000\040\000E\000s\000p\000e\000r\000a\000n\000z\000a}{section.C.2}% 135
\BOOKMARK [2][-]{subsection.C.2.3}{\376\377\000B\000r\000g\000y\000\040\000P\000o\000b\000l\000a\000c\000i\000o\000n}{section.C.2}% 136
\BOOKMARK [2][-]{subsection.C.2.4}{\376\377\000B\000r\000g\000y\000\040\000B\000i\000n\000u\000n\000i}{section.C.2}% 137
\BOOKMARK [2][-]{subsection.C.2.5}{\376\377\000B\000r\000g\000y\000\040\000D\000e\000m\000o\000l\000o\000g\000a\000n}{section.C.2}% 138
\BOOKMARK [2][-]{subsection.C.2.6}{\376\377\000B\000r\000g\000y\000\040\000M\000a\000t\000i}{section.C.2}% 139
\BOOKMARK [2][-]{subsection.C.2.7}{\376\377\000B\000r\000g\000y\000\040\000B\000a\000b\000a\000l\000a\000y\000a}{section.C.2}% 140
\BOOKMARK [1][-]{section.C.3}{\376\377\000F\000i\000n\000a\000n\000c\000i\000a\000l\000\040\000a\000n\000d\000\040\000C\000o\000m\000p\000l\000i\000a\000n\000c\000e\000\040\000D\000a\000t\000a\000\040\000f\000o\000r\000\040\000P\000u\000r\000e\000\040\000I\000n\000c\000e\000n\000t\000i\000v\000e\000s\000\040\000i\000n\000\040\0003\000-\000Y\000e\000a\000r\000\040\000T\000e\000r\000m}{appendix.C}% 141
\BOOKMARK [2][-]{subsection.C.3.1}{\376\377\000B\000r\000g\000y\000\040\000B\000a\000b\000a\000l\000a\000y\000a}{section.C.3}% 142
\BOOKMARK [2][-]{subsection.C.3.2}{\376\377\000B\000r\000g\000y\000\040\000B\000i\000n\000u\000n\000i}{section.C.3}% 143
\BOOKMARK [2][-]{subsection.C.3.3}{\376\377\000B\000r\000g\000y\000\040\000D\000e\000m\000o\000l\000o\000g\000a\000n}{section.C.3}% 144
\BOOKMARK [2][-]{subsection.C.3.4}{\376\377\000B\000r\000g\000y\000\040\000E\000s\000p\000e\000r\000a\000n\000z\000a}{section.C.3}% 145
\BOOKMARK [2][-]{subsection.C.3.5}{\376\377\000B\000r\000g\000y\000\040\000L\000i\000a\000n\000g\000a\000n\000\040\000E\000a\000s\000t}{section.C.3}% 146
\BOOKMARK [2][-]{subsection.C.3.6}{\376\377\000B\000r\000g\000y\000\040\000M\000a\000t\000i}{section.C.3}% 147
\BOOKMARK [2][-]{subsection.C.3.7}{\376\377\000B\000r\000g\000y\000\040\000P\000o\000b\000l\000a\000c\000i\000o\000n}{section.C.3}% 148
\BOOKMARK [1][-]{section.C.4}{\376\377\000F\000i\000n\000a\000n\000c\000i\000a\000l\000\040\000a\000n\000d\000\040\000C\000o\000m\000p\000l\000i\000a\000n\000c\000e\000\040\000D\000a\000t\000a\000\040\000f\000o\000r\000\040\000H\000u\000D\000R\000L\000\040\000i\000n\000\040\0003\000-\000Y\000e\000a\000r\000\040\000T\000e\000r\000m}{appendix.C}% 149
\BOOKMARK [2][-]{subsection.C.4.1}{\376\377\000B\000r\000g\000y\000\040\000B\000a\000b\000a\000l\000a\000y\000a}{section.C.4}% 150
\BOOKMARK [2][-]{subsection.C.4.2}{\376\377\000B\000r\000g\000y\000\040\000L\000i\000a\000n\000g\000a\000n\000\040\000E\000a\000s\000t}{section.C.4}% 151
\BOOKMARK [2][-]{subsection.C.4.3}{\376\377\000B\000r\000g\000y\000\040\000E\000s\000p\000e\000r\000a\000n\000z\000a}{section.C.4}% 152
\BOOKMARK [2][-]{subsection.C.4.4}{\376\377\000B\000r\000g\000y\000\040\000P\000o\000b\000l\000a\000c\000i\000o\000n}{section.C.4}% 153
\BOOKMARK [2][-]{subsection.C.4.5}{\376\377\000B\000r\000g\000y\000\040\000B\000i\000n\000u\000n\000i}{section.C.4}% 154
\BOOKMARK [2][-]{subsection.C.4.6}{\376\377\000B\000r\000g\000y\000\040\000D\000e\000m\000o\000l\000o\000g\000a\000n}{section.C.4}% 155
\BOOKMARK [2][-]{subsection.C.4.7}{\376\377\000B\000r\000g\000y\000\040\000M\000a\000t\000i}{section.C.4}% 156
\BOOKMARK [0][-]{appendix*.79}{\376\377\000R\000e\000f\000e\000r\000e\000n\000c\000e\000s}{}% 157
